# Test that we get the expected output when a step involves
# git commands that should be sanitised

# Intial run
preguide gen -out _output
! stdout .+
! stderr .+
cmp _output/_posts/sanitise.markdown sanitise/en.markdown.golden
cmp sanitise/en_testlog.txt sanitise/en_testlog.txt.golden

-- go.mod --
module mod.com/init

go 1.12

-- sanitise/en.markdown --
---
title: A test with output that should be sanitised
---

<!--step: step1 -->

<!--step: step2 -->

<!--step: step3 -->
-- sanitise/steps.cue --
package steps

import "github.com/play-with-go/preguide"

Image: "this_will_never_be_used"

Steps: step1: en: preguide.#Command & { Source: """
mkdir example
cd example
git init
"""}

Steps: step2: en: preguide.#Upload & { Target: "README", Source: """
This is a test.
""" }

Steps: step3: en: preguide.#Command & { Source: """
git add -A
git commit -am 'Initial commit'
"""}

-- sanitise/en.markdown.golden --
---
image: playwithgo/go1.14.6@sha256:b3690d0dc29edfe2d740d3632175da32bc7301b8bec994060c11deaf99c71123
lang: en
title: A test with output that should be sanitised
---

```.term1
$ mkdir example
$ cd example
$ git init
Initialized empty Git repository in /home/gopher/example/.git/
```

```.term1
This is a test.
```

```.term1
$ git add -A
$ git commit -am 'Initial commit'
[master (root-commit) abcd123] Initial commit
 1 file changed, 1 insertion(+)
 create mode 100644 README
```
-- sanitise/en_testlog.txt.golden --
Image: playwithgo/go1.14.6@sha256:b3690d0dc29edfe2d740d3632175da32bc7301b8bec994060c11deaf99c71123
$ mkdir example
$ cd example
$ git init
Initialized empty Git repository in /home/gopher/example/.git/
$ cat <<EOD > README
This is a test.
EOD
$ git add -A
$ git commit -am 'Initial commit'
[master (root-commit) abcd123] Initial commit
 1 file changed, 1 insertion(+)
 create mode 100644 README
